// Jest Snapshot v1, https://goo.gl/fbAQLP

exports[`Pruebas en <GifItem /> debe de mostrar <GifItem /> correctamente 1`] = `
<div
  className="card  animate__heartBeat"
>
  <img
    alt="titulo"
    src="https://youtube.com"
  />
  <p>
    titulo
  </p>
</div>
`;
